2026-10-05T03:06:28Z INF Thank you for trying Cloudflare Tunnel. Doing so, without a Cloudflare account, is a quick way to experiment and try it out. However, be aware that these account-less Tunnels have no uptime guarantee, are subject to the Cloudflare Online Services Terms of Use (https://www.cloudflare.com/website-terms/), and Cloudflare reserves the right to investigate your use of Tunnels for violations of such terms. If you intend to use Tunnels in production you should use a pre-created named tunnel by following: https://developers.cloudflare.com/cloudflare-one/connections/connect-apps
2026-10-05T03:06:28Z INF Requesting new quick Tunnel on trycloudflare.com...
2026-10-05T03:06:32Z INF +--------------------------------------------------------------------------------------------+
2026-10-05T03:06:32Z INF |  Your quick Tunnel has been created! Visit it at (it may take some time to be reachable):  |
2026-10-05T03:06:32Z INF |  https://references-manuals-fully-suzuki.trycloudflare.com                                 |
2026-10-05T03:06:32Z INF +--------------------------------------------------------------------------------------------+
2026-10-05T03:06:32Z INF Cannot determine default configuration path. No file [config.yml config.yaml] in [~/.cloudflared ~/.cloudflare-warp ~/cloudflare-warp]
2026-10-05T03:06:32Z INF Version 2026.9.3 (Checksum f096265ec2fcbe9bb6e2d64268db167ced3fcbb83d894bdb9e2fcdb26f2ea7e2)
2026-10-05T03:06:32Z INF GOOS: windows, GOVersion: go1.26.8, GoArch: amd64
2026-10-05T03:06:32Z INF Settings: map[ha-connections:1 no-autoupdate:true protocol:quic url:http://127.0.0.1:8000]
2026-10-05T03:06:32Z INF cloudflared will not automatically update on Windows systems.
2026-10-05T03:06:43Z ERR Failed to fetch features, default to disable error="lookup cfd-features.argotunnel.com: dnsquery: This operation returned because the timeout period expired."
2026-10-05T03:06:43Z INF Generated Connector ID: b62e65ac-e361-460a-a121-253c80c407b3
2026-10-05T03:06:43Z INF Initial protocol quic
2026-10-05T03:06:43Z INF ICMP proxy will use 192.168.2.39 as source for IPv4
2026-10-05T03:06:43Z INF ICMP proxy will use 240e:33d:1540:da00:185c:6615:906:34b3 in zone WLAN as source for IPv6
2026-10-05T03:06:43Z INF cloudflared does not support loading the system root certificate pool on Windows. Please use --origin-ca-pool <PATH> to specify the path to the certificate pool
2026-10-05T03:06:43Z INF ICMP proxy will use 192.168.2.39 as source for IPv4
2026-10-05T03:06:43Z INF ICMP proxy will use 240e:33d:1540:da00:185c:6615:906:34b3 in zone WLAN as source for IPv6
2026-10-05T03:06:43Z INF Starting metrics server on 127.0.0.1:20241/metrics
2026-10-05T03:06:43Z INF Tunnel server stopped
2026-10-05T03:06:43Z ERR Initiating shutdown error="Couldn't resolve SRV record &{region2.v2.argotunnel.com. 7844 2 1}: lookup region2.v2.argotunnel.com.: no such host"
2026-10-05T03:06:44Z INF Metrics server stopped
Couldn't resolve SRV record &{region2.v2.argotunnel.com. 7844 2 1}: lookup region2.v2.argotunnel.com.: no such host
